// Jest Snapshot v1, https://goo.gl/fbAQLP

exports[`ErrorPage Renders correctly 1`] = `
<DocumentFragment>
  <div>
    ErrorPage
  </div>
</DocumentFragment>
`;
